#
# There is insufficient memory for the Java Runtime Environment to continue.
# Native memory allocation (malloc) failed to allocate 1048576 bytes. Error detail: AllocateHeap
# Possible reasons:
#   The system is out of physical RAM or swap space
#   This process is running with CompressedOops enabled, and the Java Heap may be blocking the growth of the native heap
# Possible solutions:
#   Reduce memory load on the system
#   Increase physical memory or swap space
#   Check if swap backing store is full
#   Decrease Java heap size (-Xmx/-Xms)
#   Decrease number of Java threads
#   Decrease Java thread stack sizes (-Xss)
#   Set larger code cache with -XX:ReservedCodeCacheSize=
#   JVM is running with Unscaled Compressed Oops mode in which the Java heap is
#     placed in the first 4GB address space. The Java Heap base address is the
#     maximum limit for the native heap growth. Please use -XX:HeapBaseMinAddress
#     to set the Java Heap base and to place the Java Heap above 4GB virtual address.
# This output file may be truncated or incomplete.
#
#  Out of Memory Error (allocation.cpp:44), pid=3724, tid=8868
#
# JRE version: OpenJDK Runtime Environment Temurin-21.0.10+7 (21.0.10+7) (build 21.0.10+7-LTS)
# Java VM: OpenJDK 64-Bit Server VM Temurin-21.0.10+7 (21.0.10+7-LTS, mixed mode, sharing, tiered, compressed oops, compressed class ptrs, parallel gc, windows-amd64)
# No core dump will be written. Minidumps are not enabled by default on client versions of Windows
#

---------------  S U M M A R Y ------------

Command Line: --add-modules=ALL-SYSTEM --add-opens=java.base/java.util=ALL-UNNAMED --add-opens=java.base/java.lang=ALL-UNNAMED --add-opens=java.base/sun.nio.fs=ALL-UNNAMED -Declipse.application=org.eclipse.jdt.ls.core.id1 -Dosgi.bundles.defaultStartLevel=4 -Declipse.product=org.eclipse.jdt.ls.core.product -Djava.import.generatesMetadataFilesAtProjectRoot=false -DDetectVMInstallationsJob.disabled=true -Dfile.encoding=utf8 -XX:+UseParallelGC -XX:GCTimeRatio=4 -XX:AdaptiveSizePolicyWeight=90 -Dsun.zip.disableMemoryMapping=true -Xmx2G -Xms100m -Xlog:disable -javaagent:c:\Users\Jessica Tandra\.vscode\extensions\redhat.java-1.54.0-win32-x64\lombok\lombok-1.18.39-4050.jar -XX:+HeapDumpOnOutOfMemoryError -XX:HeapDumpPath=c:\Users\Jessica Tandra\AppData\Roaming\Code\User\workspaceStorage\82c3c2c9240eacd5d363d8fb5af03c55\redhat.java -Daether.dependencyCollector.impl=bf c:\Users\Jessica Tandra\.vscode\extensions\redhat.java-1.54.0-win32-x64\server\plugins\org.eclipse.equinox.launcher_1.7.100.v20251111-0406.jar -configuration c:\Users\Jessica Tandra\AppData\Roaming\Code\User\globalStorage\redhat.java\1.54.0\config_win -data c:\Users\Jessica Tandra\AppData\Roaming\Code\User\workspaceStorage\82c3c2c9240eacd5d363d8fb5af03c55\redhat.java\jdt_ws --pipe=\\.\pipe\lsp-5f9371b0441f2e5c3d1360b81a7b5848-sock

Host: 11th Gen Intel(R) Core(TM) i3-1115G4 @ 3.00GHz, 4 cores, 7G,  Windows 11 , 64 bit Build 26100 (10.0.26100.8328)
Time: Thu May 21 14:33:51 2026 SE Asia Standard Time elapsed time: 4568.198475 seconds (0d 1h 16m 8s)

---------------  T H R E A D  ---------------

Current thread (0x00000273e6c758f0):  JavaThread "Attach Listener" daemon [_thread_in_vm, id=8868, stack(0x000000fadcd00000,0x000000fadce00000) (1024K)]

Stack: [0x000000fadcd00000,0x000000fadce00000]
Native frames: (J=compiled Java code, j=interpreted, Vv=VM code, C=native code)
V  [jvm.dll+0x6d7a39]
V  [jvm.dll+0x8b4b26]
V  [jvm.dll+0x8b70de]
V  [jvm.dll+0x8b77c3]
V  [jvm.dll+0x284346]
V  [jvm.dll+0xc1277]
V  [jvm.dll+0x6d82e9]
V  [jvm.dll+0x1334a6]
V  [jvm.dll+0x3f857e]
V  [jvm.dll+0x85f59d]
V  [jvm.dll+0x6d626d]
C  [ucrtbase.dll+0x37b0]
C  [KERNEL32.DLL+0x2e957]
C  [ntdll.dll+0x427c]


---------------  P R O C E S S  ---------------

Threads class SMR info:
_java_thread_list=0x00000273c6399ed0, length=31, elements={
0x00000273e6d7c420, 0x00000273e6e3c1e0, 0x00000273e6c70740, 0x00000273e6c74e90,
0x00000273e6c758f0, 0x00000273e6c76350, 0x00000273e6c76db0, 0x00000273e6c79b50,
0x00000273e6cf3700, 0x00000273fe420ca0, 0x00000273fe493770, 0x00000273fe649660,
0x00000273e6cc6810, 0x00000273fe37f060, 0x00000273fe6ab4a0, 0x00000273c51d2c10,
0x00000273feb729d0, 0x00000273fea451a0, 0x00000273feeca6d0, 0x00000273feec8600,
0x00000273feec7f70, 0x00000273c5fd9d00, 0x00000273c5fdbdd0, 0x00000273c5fdaa20,
0x00000273c5fdc460, 0x00000273c5fd8fe0, 0x00000273c5fdb0b0, 0x00000273c5fdb740,
0x00000273c5fdcaf0, 0x00000273c5fddea0, 0x00000273feec99b0
}

Java Threads: ( => current thread )
  0x00000273e6d7c420 JavaThread "main"                              [_thread_blocked, id=9968, stack(0x000000fadc600000,0x000000fadc700000) (1024K)]
  0x00000273e6e3c1e0 JavaThread "Reference Handler"          daemon [_thread_blocked, id=20384, stack(0x000000fadca00000,0x000000fadcb00000) (1024K)]
  0x00000273e6c70740 JavaThread "Finalizer"                  daemon [_thread_blocked, id=20676, stack(0x000000fadcb00000,0x000000fadcc00000) (1024K)]
  0x00000273e6c74e90 JavaThread "Signal Dispatcher"          daemon [_thread_blocked, id=1388, stack(0x000000fadcc00000,0x000000fadcd00000) (1024K)]
=>0x00000273e6c758f0 JavaThread "Attach Listener"            daemon [_thread_in_vm, id=8868, stack(0x000000fadcd00000,0x000000fadce00000) (1024K)]
  0x00000273e6c76350 JavaThread "Service Thread"             daemon [_thread_blocked, id=28884, stack(0x000000fadce00000,0x000000fadcf00000) (1024K)]
  0x00000273e6c76db0 JavaThread "Monitor Deflation Thread"   daemon [_thread_blocked, id=15656, stack(0x000000fadcf00000,0x000000fadd000000) (1024K)]
  0x00000273e6c79b50 JavaThread "C2 CompilerThread0"         daemon [_thread_blocked, id=24592, stack(0x000000fadd000000,0x000000fadd100000) (1024K)]
  0x00000273e6cf3700 JavaThread "C1 CompilerThread0"         daemon [_thread_blocked, id=22468, stack(0x000000fadd100000,0x000000fadd200000) (1024K)]
  0x00000273fe420ca0 JavaThread "Common-Cleaner"             daemon [_thread_blocked, id=26032, stack(0x000000fadd200000,0x000000fadd300000) (1024K)]
  0x00000273fe493770 JavaThread "Notification Thread"        daemon [_thread_blocked, id=27388, stack(0x000000fadd300000,0x000000fadd400000) (1024K)]
  0x00000273fe649660 JavaThread "Active Thread: Equinox Container: 50a4d4f5-15a5-49a5-a8bb-9f2bd538e3b7"        [_thread_blocked, id=23300, stack(0x000000fadd700000,0x000000fadd800000) (1024K)]
  0x00000273e6cc6810 JavaThread "Refresh Thread: Equinox Container: 50a4d4f5-15a5-49a5-a8bb-9f2bd538e3b7" daemon [_thread_blocked, id=13964, stack(0x000000fadd800000,0x000000fadd900000) (1024K)]
  0x00000273fe37f060 JavaThread "Framework Event Dispatcher: Equinox Container: 50a4d4f5-15a5-49a5-a8bb-9f2bd538e3b7" daemon [_thread_blocked, id=15920, stack(0x000000fadd900000,0x000000fadda00000) (1024K)]
  0x00000273fe6ab4a0 JavaThread "Start Level: Equinox Container: 50a4d4f5-15a5-49a5-a8bb-9f2bd538e3b7" daemon [_thread_blocked, id=20260, stack(0x000000fadda00000,0x000000faddb00000) (1024K)]
  0x00000273c51d2c10 JavaThread "Bundle File Closer"         daemon [_thread_blocked, id=19688, stack(0x000000faddb00000,0x000000faddc00000) (1024K)]
  0x00000273feb729d0 JavaThread "SCR Component Actor"        daemon [_thread_blocked, id=18856, stack(0x000000faddc00000,0x000000faddd00000) (1024K)]
  0x00000273fea451a0 JavaThread "Worker-JM"                         [_thread_blocked, id=22648, stack(0x000000faddd00000,0x000000fadde00000) (1024K)]
  0x00000273feeca6d0 JavaThread "JNA Cleaner"                daemon [_thread_blocked, id=14340, stack(0x000000fadde00000,0x000000faddf00000) (1024K)]
  0x00000273feec8600 JavaThread "Worker-1"                          [_thread_blocked, id=15848, stack(0x000000fade000000,0x000000fade100000) (1024K)]
  0x00000273feec7f70 JavaThread "Java indexing"              daemon [_thread_blocked, id=4160, stack(0x000000fade400000,0x000000fade500000) (1024K)]
  0x00000273c5fd9d00 JavaThread "Thread-1"                   daemon [_thread_in_native, id=15636, stack(0x000000fade700000,0x000000fade800000) (1024K)]
  0x00000273c5fdbdd0 JavaThread "Thread-2"                   daemon [_thread_in_native, id=25564, stack(0x000000fade900000,0x000000fadea00000) (1024K)]
  0x00000273c5fdaa20 JavaThread "Thread-3"                   daemon [_thread_in_native, id=7840, stack(0x000000fadea00000,0x000000fadeb00000) (1024K)]
  0x00000273c5fdc460 JavaThread "Thread-4"                   daemon [_thread_in_native, id=22176, stack(0x000000fadeb00000,0x000000fadec00000) (1024K)]
  0x00000273c5fd8fe0 JavaThread "Thread-5"                   daemon [_thread_in_native, id=16396, stack(0x000000fadec00000,0x000000faded00000) (1024K)]
  0x00000273c5fdb0b0 JavaThread "pool-2-thread-1"                   [_thread_blocked, id=25700, stack(0x000000faded00000,0x000000fadee00000) (1024K)]
  0x00000273c5fdb740 JavaThread "WorkspaceEventsHandler"            [_thread_blocked, id=12500, stack(0x000000fadef00000,0x000000fadf000000) (1024K)]
  0x00000273c5fdcaf0 JavaThread "pool-1-thread-1"                   [_thread_blocked, id=16416, stack(0x000000fadf000000,0x000000fadf100000) (1024K)]
  0x00000273c5fddea0 JavaThread "pool-3-thread-1"                   [_thread_blocked, id=21364, stack(0x000000fadc400000,0x000000fadc500000) (1024K)]
  0x00000273feec99b0 JavaThread "Worker-7"                          [_thread_blocked, id=25716, stack(0x000000faddf00000,0x000000fade000000) (1024K)]
Total: 31

Other Threads:
  0x00000273e6e1f920 VMThread "VM Thread"                           [id=7156, stack(0x000000fadc900000,0x000000fadca00000) (1024K)]
  0x00000273e6deb570 WatcherThread "VM Periodic Task Thread"        [id=11796, stack(0x000000fadc800000,0x000000fadc900000) (1024K)]
  0x00000273e6d9bca0 WorkerThread "GC Thread#0"                     [id=15256, stack(0x000000fadc700000,0x000000fadc800000) (1024K)]
  0x00000273feac5b10 WorkerThread "GC Thread#1"                     [id=25436, stack(0x000000fadd400000,0x000000fadd500000) (1024K)]
  0x00000273fe6f1fb0 WorkerThread "GC Thread#2"                     [id=25212, stack(0x000000fadd500000,0x000000fadd600000) (1024K)]
  0x00000273fe6f6f50 WorkerThread "GC Thread#3"                     [id=17144, stack(0x000000fadd600000,0x000000fadd700000) (1024K)]
Total: 6

Threads with active compile tasks:
Total: 0

VM state: not at safepoint (normal execution)

VM Mutex/Monitor currently owned by a thread: None

Heap address: 0x0000000080000000, size: 2048 MB, Compressed Oops mode: 32-bit

CDS archive(s) mapped at: [0x0000027380000000-0x0000027380ba0000-0x0000027380ba0000), size 12189696, SharedBaseAddress: 0x0000027380000000, ArchiveRelocationMode: 1.
Compressed class space mapped at: 0x0000027381000000-0x00000273c1000000, reserved size: 1073741824
Narrow klass base: 0x0000027380000000, Narrow klass shift: 0, Narrow klass range: 0x100000000

GC Precious Log:
 CardTable entry size: 512
 CPUs: 4 total, 4 available
 Memory: 7975M
 Large Page Support: Disabled
 NUMA Support: Disabled
 Compressed Oops: Enabled (32-bit)
 Alignments: Space 512K, Generation 512K, Heap 2M
 Heap Min Capacity: 100M
 Heap Initial Capacity: 100M
 Heap Max Capacity: 2G
 Pre-touch: Disabled
 Parallel Workers: 4

Heap:
 PSYoungGen      total 3584K, used 1465K [0x00000000d5580000, 0x00000000d5b80000, 0x0000000100000000)
  eden space 3072K, 40% used [0x00000000d5580000,0x00000000d56b67f8,0x00000000d5880000)
  from space 512K, 43% used [0x00000000d5b00000,0x00000000d5b38000,0x00000000d5b80000)
  to   space 512K, 0% used [0x00000000d5a80000,0x00000000d5a80000,0x00000000d5b00000)
 ParOldGen       total 218112K, used 217999K [0x0000000080000000, 0x000000008d500000, 0x00000000d5580000)
  object space 218112K, 99% used [0x0000000080000000,0x000000008d4e3dc0,0x000000008d500000)
 Metaspace       used 65416K, committed 66944K, reserved 1114112K
  class space    used 6685K, committed 7360K, reserved 1048576K

Card table byte_map: [0x00000273e6720000,0x00000273e6b30000] _byte_map_base: 0x00000273e6320000

Marking Bits: (ParMarkBitMap*) 0x00007ffd506b3450
 Begin Bits: [0x00000273f9230000, 0x00000273fb230000)
 End Bits:   [0x00000273fb230000, 0x00000273fd230000)

Polling page: 0x00000273e4cf0000

Metaspace:

Usage:
  Non-class:     57.35 MB used.
      Class:      6.53 MB used.
       Both:     63.88 MB used.

Virtual space:
  Non-class space:       64.00 MB reserved,      58.19 MB ( 91%) committed,  1 nodes.
      Class space:        1.00 GB reserved,       7.19 MB ( <1%) committed,  1 nodes.
             Both:        1.06 GB reserved,      65.38 MB (  6%) committed. 

Chunk freelists:
   Non-Class:  4.73 MB
       Class:  8.71 MB
        Both:  13.45 MB

MaxMetaspaceSize: unlimited
CompressedClassSpaceSize: 1.00 GB
Initial GC threshold: 21.00 MB
Current GC threshold: 97.31 MB
CDS: on
 - commit_granule_bytes: 65536.
 - commit_granule_words: 8192.
 - virtual_space_node_default_size: 8388608.
 - enlarge_chunks_in_place: 1.
 - use_allocation_guard: 0.


Internal statistics:

num_allocs_failed_limit: 9.
num_arena_births: 1160.
num_arena_deaths: 14.
num_vsnodes_births: 2.
num_vsnodes_deaths: 0.
num_space_committed: 1046.
num_space_uncommitted: 0.
num_chunks_returned_to_freelist: 23.
num_chunks_taken_from_freelist: 4225.
num_chunk_merges: 12.
num_chunk_splits: 2586.
num_chunks_enlarged: 1513.
num_inconsistent_stats: 0.

CodeHeap 'non-profiled nmethods': size=120000Kb used=13452Kb max_used=13452Kb free=106547Kb
 bounds [0x00000273f1a50000, 0x00000273f2780000, 0x00000273f8f80000]
CodeHeap 'profiled nmethods': size=120000Kb used=33409Kb max_used=33409Kb free=86590Kb
 bounds [0x00000273e9f80000, 0x00000273ec030000, 0x00000273f14b0000]
CodeHeap 'non-nmethods': size=5760Kb used=1437Kb max_used=1504Kb free=4323Kb
 bounds [0x00000273f14b0000, 0x00000273f1720000, 0x00000273f1a50000]
CodeCache: size=245760Kb, used=48298Kb, max_used=48365Kb, free=197460Kb
 total_blobs=13548, nmethods=12812, adapters=639, full_count=0
Compilation: enabled, stopped_count=0, restarted_count=0

Compilation events (20 events):
Event: 3132.734 Thread 0x00000273e6cf3700 13670       3       java.util.Optional::get (22 bytes)
Event: 3132.747 Thread 0x00000273e6cf3700 nmethod 13670 0x00000273ec01c490 code [0x00000273ec01c640, 0x00000273ec01c860]
Event: 3162.770 Thread 0x00000273e6cf3700 13671       3       java.lang.ProcessHandleImpl::<init> (15 bytes)
Event: 3162.782 Thread 0x00000273e6cf3700 nmethod 13671 0x00000273ec01c990 code [0x00000273ec01cb40, 0x00000273ec01ccb0]
Event: 3172.784 Thread 0x00000273e6cf3700 13672       3       java.lang.ProcessHandleImpl::get (51 bytes)
Event: 3172.796 Thread 0x00000273e6cf3700 nmethod 13672 0x00000273ec01cd90 code [0x00000273ec01cfa0, 0x00000273ec01d5a8]
Event: 3192.824 Thread 0x00000273e6cf3700 13673       3       java.lang.ProcessHandle::of (5 bytes)
Event: 3192.825 Thread 0x00000273e6cf3700 nmethod 13673 0x00000273ec01d810 code [0x00000273ec01d9c0, 0x00000273ec01dad8]
Event: 3192.825 Thread 0x00000273e6cf3700 13674       3       java.lang.ProcessHandleImpl::isAlive (44 bytes)
Event: 3192.825 Thread 0x00000273e6cf3700 nmethod 13674 0x00000273ec01db90 code [0x00000273ec01dd40, 0x00000273ec01dfa0]
Event: 3623.460 Thread 0x00000273e6c79b50 13675       4       java.lang.Thread::interrupted (7 bytes)
Event: 3623.513 Thread 0x00000273e6c79b50 nmethod 13675 0x00000273f2772a10 code [0x00000273f2772ba0, 0x00000273f2772c58]
Event: 3711.473 Thread 0x00000273e6cf3700 13676   !   3       java.util.logging.LogManager::ensureLogManagerInitialized (144 bytes)
Event: 3711.548 Thread 0x00000273e6cf3700 nmethod 13676 0x00000273ec01e090 code [0x00000273ec01e3a0, 0x00000273ec01f4c0]
Event: 3727.648 Thread 0x00000273e6cf3700 13677       1       org.eclipse.osgi.internal.location.BasicLocation::isReadOnly (5 bytes)
Event: 3727.649 Thread 0x00000273e6cf3700 nmethod 13677 0x00000273f2772d10 code [0x00000273f2772ea0, 0x00000273f2772f70]
Event: 4102.232 Thread 0x00000273e6cf3700 13678       1       com.sun.jna.internal.Cleaner::access$200 (5 bytes)
Event: 4102.244 Thread 0x00000273e6cf3700 nmethod 13678 0x00000273f2773010 code [0x00000273f27731a0, 0x00000273f2773250]
Event: 4104.184 Thread 0x00000273e6cf3700 13679       3       org.eclipse.jdt.ls.core.internal.ParentProcessWatcher::parentProcessStillRunning (62 bytes)
Event: 4104.213 Thread 0x00000273e6cf3700 nmethod 13679 0x00000273ec01fa90 code [0x00000273ec01fcc0, 0x00000273ec0203a8]

GC Heap History (20 events):
Event: 744.213 GC heap before
{Heap before GC invocations=308 (full 3):
 PSYoungGen      total 3584K, used 3559K [0x00000000d5580000, 0x00000000d5b80000, 0x0000000100000000)
  eden space 3072K, 100% used [0x00000000d5580000,0x00000000d5880000,0x00000000d5880000)
  from space 512K, 95% used [0x00000000d5a80000,0x00000000d5af9e80,0x00000000d5b00000)
  to   space 1536K, 0% used [0x00000000d5880000,0x00000000d5880000,0x00000000d5a00000)
 ParOldGen       total 213504K, used 213079K [0x0000000080000000, 0x000000008d080000, 0x00000000d5580000)
  object space 213504K, 99% used [0x0000000080000000,0x000000008d015cf0,0x000000008d080000)
 Metaspace       used 65119K, committed 66624K, reserved 1114112K
  class space    used 6667K, committed 7360K, reserved 1048576K
}
Event: 744.223 GC heap after
{Heap after GC invocations=308 (full 3):
 PSYoungGen      total 4608K, used 1536K [0x00000000d5580000, 0x00000000d5e80000, 0x0000000100000000)
  eden space 3072K, 0% used [0x00000000d5580000,0x00000000d5580000,0x00000000d5880000)
  from space 1536K, 100% used [0x00000000d5880000,0x00000000d5a00000,0x00000000d5a00000)
  to   space 3072K, 0% used [0x00000000d5b80000,0x00000000d5b80000,0x00000000d5e80000)
 ParOldGen       total 214528K, used 214167K [0x0000000080000000, 0x000000008d180000, 0x00000000d5580000)
  object space 214528K, 99% used [0x0000000080000000,0x000000008d125cf0,0x000000008d180000)
 Metaspace       used 65119K, committed 66624K, reserved 1114112K
  class space    used 6667K, committed 7360K, reserved 1048576K
}
Event: 744.581 GC heap before
{Heap before GC invocations=309 (full 3):
 PSYoungGen      total 4608K, used 4608K [0x00000000d5580000, 0x00000000d5e80000, 0x0000000100000000)
  eden space 3072K, 100% used [0x00000000d5580000,0x00000000d5880000,0x00000000d5880000)
  from space 1536K, 100% used [0x00000000d5880000,0x00000000d5a00000,0x00000000d5a00000)
  to   space 3072K, 0% used [0x00000000d5b80000,0x00000000d5b80000,0x00000000d5e80000)
 ParOldGen       total 214528K, used 214167K [0x0000000080000000, 0x000000008d180000, 0x00000000d5580000)
  object space 214528K, 99% used [0x0000000080000000,0x000000008d125cf0,0x000000008d180000)
 Metaspace       used 65125K, committed 66624K, reserved 1114112K
  class space    used 6667K, committed 7360K, reserved 1048576K
}
Event: 744.590 GC heap after
{Heap after GC invocations=309 (full 3):
 PSYoungGen      total 3584K, used 480K [0x00000000d5580000, 0x00000000d5c00000, 0x0000000100000000)
  eden space 3072K, 0% used [0x00000000d5580000,0x00000000d5580000,0x00000000d5880000)
  from space 512K, 93% used [0x00000000d5b80000,0x00000000d5bf8000,0x00000000d5c00000)
  to   space 1536K, 0% used [0x00000000d5900000,0x00000000d5900000,0x00000000d5a80000)
 ParOldGen       total 216064K, used 215703K [0x0000000080000000, 0x000000008d300000, 0x00000000d5580000)
  object space 216064K, 99% used [0x0000000080000000,0x000000008d2a5cf0,0x000000008d300000)
 Metaspace       used 65125K, committed 66624K, reserved 1114112K
  class space    used 6667K, committed 7360K, reserved 1048576K
}
Event: 744.597 GC heap before
{Heap before GC invocations=310 (full 3):
 PSYoungGen      total 3584K, used 3552K [0x00000000d5580000, 0x00000000d5c00000, 0x0000000100000000)
  eden space 3072K, 100% used [0x00000000d5580000,0x00000000d5880000,0x00000000d5880000)
  from space 512K, 93% used [0x00000000d5b80000,0x00000000d5bf8000,0x00000000d5c00000)
  to   space 1536K, 0% used [0x00000000d5900000,0x00000000d5900000,0x00000000d5a80000)
 ParOldGen       total 216064K, used 215703K [0x0000000080000000, 0x000000008d300000, 0x00000000d5580000)
  object space 216064K, 99% used [0x0000000080000000,0x000000008d2a5cf0,0x000000008d300000)
 Metaspace       used 65127K, committed 66624K, reserved 1114112K
  class space    used 6667K, committed 7360K, reserved 1048576K
}
Event: 744.600 GC heap after
{Heap after GC invocations=310 (full 3):
 PSYoungGen      total 4608K, used 320K [0x00000000d5580000, 0x00000000d5c00000, 0x0000000100000000)
  eden space 3072K, 0% used [0x00000000d5580000,0x00000000d5580000,0x00000000d5880000)
  from space 1536K, 20% used [0x00000000d5900000,0x00000000d5950020,0x00000000d5a80000)
  to   space 512K, 0% used [0x00000000d5b80000,0x00000000d5b80000,0x00000000d5c00000)
 ParOldGen       total 216064K, used 216063K [0x0000000080000000, 0x000000008d300000, 0x00000000d5580000)
  object space 216064K, 99% used [0x0000000080000000,0x000000008d2ffcf0,0x000000008d300000)
 Metaspace       used 65127K, committed 66624K, reserved 1114112K
  class space    used 6667K, committed 7360K, reserved 1048576K
}
Event: 744.604 GC heap before
{Heap before GC invocations=311 (full 3):
 PSYoungGen      total 4608K, used 3392K [0x00000000d5580000, 0x00000000d5c00000, 0x0000000100000000)
  eden space 3072K, 100% used [0x00000000d5580000,0x00000000d5880000,0x00000000d5880000)
  from space 1536K, 20% used [0x00000000d5900000,0x00000000d5950020,0x00000000d5a80000)
  to   space 512K, 0% used [0x00000000d5b80000,0x00000000d5b80000,0x00000000d5c00000)
 ParOldGen       total 216064K, used 216063K [0x0000000080000000, 0x000000008d300000, 0x00000000d5580000)
  object space 216064K, 99% used [0x0000000080000000,0x000000008d2ffcf0,0x000000008d300000)
 Metaspace       used 65128K, committed 66624K, reserved 1114112K
  class space    used 6667K, committed 7360K, reserved 1048576K
}
Event: 744.608 GC heap after
{Heap after GC invocations=311 (full 3):
 PSYoungGen      total 3584K, used 224K [0x00000000d5580000, 0x00000000d5c00000, 0x0000000100000000)
  eden space 3072K, 0% used [0x00000000d5580000,0x00000000d5580000,0x00000000d5880000)
  from space 512K, 43% used [0x00000000d5b80000,0x00000000d5bb8000,0x00000000d5c00000)
  to   space 512K, 0% used [0x00000000d5b00000,0x00000000d5b00000,0x00000000d5b80000)
 ParOldGen       total 216576K, used 216311K [0x0000000080000000, 0x000000008d380000, 0x00000000d5580000)
  object space 216576K, 99% used [0x0000000080000000,0x000000008d33dd30,0x000000008d380000)
 Metaspace       used 65128K, committed 66624K, reserved 1114112K
  class space    used 6667K, committed 7360K, reserved 1048576K
}
Event: 744.637 GC heap before
{Heap before GC invocations=312 (full 3):
 PSYoungGen      total 3584K, used 3296K [0x00000000d5580000, 0x00000000d5c00000, 0x0000000100000000)
  eden space 3072K, 100% used [0x00000000d5580000,0x00000000d5880000,0x00000000d5880000)
  from space 512K, 43% used [0x00000000d5b80000,0x00000000d5bb8000,0x00000000d5c00000)
  to   space 512K, 0% used [0x00000000d5b00000,0x00000000d5b00000,0x00000000d5b80000)
 ParOldGen       total 216576K, used 216311K [0x0000000080000000, 0x000000008d380000, 0x00000000d5580000)
  object space 216576K, 99% used [0x0000000080000000,0x000000008d33dd30,0x000000008d380000)
 Metaspace       used 65130K, committed 66624K, reserved 1114112K
  class space    used 6667K, committed 7360K, reserved 1048576K
}
Event: 744.641 GC heap after
{Heap after GC invocations=312 (full 3):
 PSYoungGen      total 3584K, used 288K [0x00000000d5580000, 0x00000000d5c00000, 0x0000000100000000)
  eden space 3072K, 0% used [0x00000000d5580000,0x00000000d5580000,0x00000000d5880000)
  from space 512K, 56% used [0x00000000d5b00000,0x00000000d5b48040,0x00000000d5b80000)
  to   space 512K, 0% used [0x00000000d5b80000,0x00000000d5b80000,0x00000000d5c00000)
 ParOldGen       total 216576K, used 216463K [0x0000000080000000, 0x000000008d380000, 0x00000000d5580000)
  object space 216576K, 99% used [0x0000000080000000,0x000000008d363d30,0x000000008d380000)
 Metaspace       used 65130K, committed 66624K, reserved 1114112K
  class space    used 6667K, committed 7360K, reserved 1048576K
}
Event: 744.743 GC heap before
{Heap before GC invocations=313 (full 3):
 PSYoungGen      total 3584K, used 3360K [0x00000000d5580000, 0x00000000d5c00000, 0x0000000100000000)
  eden space 3072K, 100% used [0x00000000d5580000,0x00000000d5880000,0x00000000d5880000)
  from space 512K, 56% used [0x00000000d5b00000,0x00000000d5b48040,0x00000000d5b80000)
  to   space 512K, 0% used [0x00000000d5b80000,0x00000000d5b80000,0x00000000d5c00000)
 ParOldGen       total 216576K, used 216463K [0x0000000080000000, 0x000000008d380000, 0x00000000d5580000)
  object space 216576K, 99% used [0x0000000080000000,0x000000008d363d30,0x000000008d380000)
 Metaspace       used 65141K, committed 66624K, reserved 1114112K
  class space    used 6667K, committed 7360K, reserved 1048576K
}
Event: 744.745 GC heap after
{Heap after GC invocations=313 (full 3):
 PSYoungGen      total 3584K, used 512K [0x00000000d5580000, 0x00000000d5c00000, 0x0000000100000000)
  eden space 3072K, 0% used [0x00000000d5580000,0x00000000d5580000,0x00000000d5880000)
  from space 512K, 100% used [0x00000000d5b80000,0x00000000d5c00000,0x00000000d5c00000)
  to   space 1024K, 0% used [0x00000000d5a00000,0x00000000d5a00000,0x00000000d5b00000)
 ParOldGen       total 217088K, used 216711K [0x0000000080000000, 0x000000008d400000, 0x00000000d5580000)
  object space 217088K, 99% used [0x0000000080000000,0x000000008d3a1d70,0x000000008d400000)
 Metaspace       used 65141K, committed 66624K, reserved 1114112K
  class space    used 6667K, committed 7360K, reserved 1048576K
}
Event: 745.361 GC heap before
{Heap before GC invocations=314 (full 3):
 PSYoungGen      total 3584K, used 3584K [0x00000000d5580000, 0x00000000d5c00000, 0x0000000100000000)
  eden space 3072K, 100% used [0x00000000d5580000,0x00000000d5880000,0x00000000d5880000)
  from space 512K, 100% used [0x00000000d5b80000,0x00000000d5c00000,0x00000000d5c00000)
  to   space 1024K, 0% used [0x00000000d5a00000,0x00000000d5a00000,0x00000000d5b00000)
 ParOldGen       total 217088K, used 216711K [0x0000000080000000, 0x000000008d400000, 0x00000000d5580000)
  object space 217088K, 99% used [0x0000000080000000,0x000000008d3a1d70,0x000000008d400000)
 Metaspace       used 65188K, committed 66688K, reserved 1114112K
  class space    used 6672K, committed 7360K, reserved 1048576K
}
Event: 745.369 GC heap after
{Heap after GC invocations=314 (full 3):
 PSYoungGen      total 4096K, used 384K [0x00000000d5580000, 0x00000000d5c00000, 0x0000000100000000)
  eden space 3072K, 0% used [0x00000000d5580000,0x00000000d5580000,0x00000000d5880000)
  from space 1024K, 37% used [0x00000000d5a00000,0x00000000d5a60000,0x00000000d5b00000)
  to   space 1024K, 0% used [0x00000000d5b00000,0x00000000d5b00000,0x00000000d5c00000)
 ParOldGen       total 217600K, used 217207K [0x0000000080000000, 0x000000008d480000, 0x00000000d5580000)
  object space 217600K, 99% used [0x0000000080000000,0x000000008d41dd70,0x000000008d480000)
 Metaspace       used 65188K, committed 66688K, reserved 1114112K
  class space    used 6672K, committed 7360K, reserved 1048576K
}
Event: 745.396 GC heap before
{Heap before GC invocations=315 (full 3):
 PSYoungGen      total 4096K, used 3456K [0x00000000d5580000, 0x00000000d5c00000, 0x0000000100000000)
  eden space 3072K, 100% used [0x00000000d5580000,0x00000000d5880000,0x00000000d5880000)
  from space 1024K, 37% used [0x00000000d5a00000,0x00000000d5a60000,0x00000000d5b00000)
  to   space 1024K, 0% used [0x00000000d5b00000,0x00000000d5b00000,0x00000000d5c00000)
 ParOldGen       total 217600K, used 217207K [0x0000000080000000, 0x000000008d480000, 0x00000000d5580000)
  object space 217600K, 99% used [0x0000000080000000,0x000000008d41dd70,0x000000008d480000)
 Metaspace       used 65193K, committed 66688K, reserved 1114112K
  class space    used 6672K, committed 7360K, reserved 1048576K
}
Event: 745.398 GC heap after
{Heap after GC invocations=315 (full 3):
 PSYoungGen      total 3584K, used 240K [0x00000000d5580000, 0x00000000d5b80000, 0x0000000100000000)
  eden space 3072K, 0% used [0x00000000d5580000,0x00000000d5580000,0x00000000d5880000)
  from space 512K, 46% used [0x00000000d5b00000,0x00000000d5b3c010,0x00000000d5b80000)
  to   space 512K, 0% used [0x00000000d5a80000,0x00000000d5a80000,0x00000000d5b00000)
 ParOldGen       total 217600K, used 217503K [0x0000000080000000, 0x000000008d480000, 0x00000000d5580000)
  object space 217600K, 99% used [0x0000000080000000,0x000000008d467da0,0x000000008d480000)
 Metaspace       used 65193K, committed 66688K, reserved 1114112K
  class space    used 6672K, committed 7360K, reserved 1048576K
}
Event: 745.429 GC heap before
{Heap before GC invocations=316 (full 3):
 PSYoungGen      total 3584K, used 3312K [0x00000000d5580000, 0x00000000d5b80000, 0x0000000100000000)
  eden space 3072K, 100% used [0x00000000d5580000,0x00000000d5880000,0x00000000d5880000)
  from space 512K, 46% used [0x00000000d5b00000,0x00000000d5b3c010,0x00000000d5b80000)
  to   space 512K, 0% used [0x00000000d5a80000,0x00000000d5a80000,0x00000000d5b00000)
 ParOldGen       total 217600K, used 217503K [0x0000000080000000, 0x000000008d480000, 0x00000000d5580000)
  object space 217600K, 99% used [0x0000000080000000,0x000000008d467da0,0x000000008d480000)
 Metaspace       used 65194K, committed 66688K, reserved 1114112K
  class space    used 6673K, committed 7360K, reserved 1048576K
}
Event: 745.433 GC heap after
{Heap after GC invocations=316 (full 3):
 PSYoungGen      total 3584K, used 384K [0x00000000d5580000, 0x00000000d5b80000, 0x0000000100000000)
  eden space 3072K, 0% used [0x00000000d5580000,0x00000000d5580000,0x00000000d5880000)
  from space 512K, 75% used [0x00000000d5a80000,0x00000000d5ae0020,0x00000000d5b00000)
  to   space 512K, 0% used [0x00000000d5b00000,0x00000000d5b00000,0x00000000d5b80000)
 ParOldGen       total 218112K, used 217655K [0x0000000080000000, 0x000000008d500000, 0x00000000d5580000)
  object space 218112K, 99% used [0x0000000080000000,0x000000008d48dda0,0x000000008d500000)
 Metaspace       used 65194K, committed 66688K, reserved 1114112K
  class space    used 6673K, committed 7360K, reserved 1048576K
}
Event: 746.285 GC heap before
{Heap before GC invocations=317 (full 3):
 PSYoungGen      total 3584K, used 3456K [0x00000000d5580000, 0x00000000d5b80000, 0x0000000100000000)
  eden space 3072K, 100% used [0x00000000d5580000,0x00000000d5880000,0x00000000d5880000)
  from space 512K, 75% used [0x00000000d5a80000,0x00000000d5ae0020,0x00000000d5b00000)
  to   space 512K, 0% used [0x00000000d5b00000,0x00000000d5b00000,0x00000000d5b80000)
 ParOldGen       total 218112K, used 217655K [0x0000000080000000, 0x000000008d500000, 0x00000000d5580000)
  object space 218112K, 99% used [0x0000000080000000,0x000000008d48dda0,0x000000008d500000)
 Metaspace       used 65350K, committed 66880K, reserved 1114112K
  class space    used 6683K, committed 7360K, reserved 1048576K
}
Event: 746.289 GC heap after
{Heap after GC invocations=317 (full 3):
 PSYoungGen      total 3584K, used 224K [0x00000000d5580000, 0x00000000d5b80000, 0x0000000100000000)
  eden space 3072K, 0% used [0x00000000d5580000,0x00000000d5580000,0x00000000d5880000)
  from space 512K, 43% used [0x00000000d5b00000,0x00000000d5b38000,0x00000000d5b80000)
  to   space 512K, 0% used [0x00000000d5a80000,0x00000000d5a80000,0x00000000d5b00000)
 ParOldGen       total 218112K, used 217999K [0x0000000080000000, 0x000000008d500000, 0x00000000d5580000)
  object space 218112K, 99% used [0x0000000080000000,0x000000008d4e3dc0,0x000000008d500000)
 Metaspace       used 65350K, committed 66880K, reserved 1114112K
  class space    used 6683K, committed 7360K, reserved 1048576K
}

Dll operation events (10 events):
Event: 0.068 Loaded shared library c:\Users\Jessica Tandra\.vscode\extensions\redhat.java-1.54.0-win32-x64\jre\21.0.10-win32-x86_64\bin\java.dll
Event: 0.473 Loaded shared library c:\Users\Jessica Tandra\.vscode\extensions\redhat.java-1.54.0-win32-x64\jre\21.0.10-win32-x86_64\bin\zip.dll
Event: 0.500 Loaded shared library C:\Users\Jessica Tandra\.vscode\extensions\redhat.java-1.54.0-win32-x64\jre\21.0.10-win32-x86_64\bin\instrument.dll
Event: 0.521 Loaded shared library C:\Users\Jessica Tandra\.vscode\extensions\redhat.java-1.54.0-win32-x64\jre\21.0.10-win32-x86_64\bin\net.dll
Event: 0.524 Loaded shared library C:\Users\Jessica Tandra\.vscode\extensions\redhat.java-1.54.0-win32-x64\jre\21.0.10-win32-x86_64\bin\nio.dll
Event: 0.528 Loaded shared library C:\Users\Jessica Tandra\.vscode\extensions\redhat.java-1.54.0-win32-x64\jre\21.0.10-win32-x86_64\bin\zip.dll
Event: 0.594 Loaded shared library C:\Users\Jessica Tandra\.vscode\extensions\redhat.java-1.54.0-win32-x64\jre\21.0.10-win32-x86_64\bin\jimage.dll
Event: 1.808 Loaded shared library c:\Users\Jessica Tandra\.vscode\extensions\redhat.java-1.54.0-win32-x64\jre\21.0.10-win32-x86_64\bin\verify.dll
Event: 24.405 Loaded shared library C:\Users\Jessica Tandra\AppData\Roaming\Code\User\globalStorage\redhat.java\1.54.0\config_win\org.eclipse.equinox.launcher\org.eclipse.equinox.launcher.win32.win32.x86_64_1.3.0.v20260203-2149\eclipse_11919.dll
Event: 45.696 Loaded shared library C:\Users\Jessica Tandra\AppData\Local\Temp\jna--773280410\jna4860776427157879373.dll

Deoptimization events (20 events):
Event: 744.495 Thread 0x00000273c5fde530 DEOPT PACKING pc=0x00000273f274fd28 sp=0x000000fade1fdbb0
Event: 744.495 Thread 0x00000273c5fde530 DEOPT UNPACKING pc=0x00000273f1506da2 sp=0x000000fade1fdb18 mode 2
Event: 745.309 Thread 0x00000273c5fde530 Uncommon trap: trap_request=0xffffffc6 fr.pc=0x00000273f1df2d10 relative=0x00000000000002b0
Event: 745.309 Thread 0x00000273c5fde530 Uncommon trap: reason=bimorphic_or_optimized_type_check action=maybe_recompile pc=0x00000273f1df2d10 method=org.eclipse.core.internal.jobs.JobManager.select(Ljava/util/List;Ljava/lang/Object;Lorg/eclipse/core/internal/jobs/InternalJob;I)V @ 15 c2
Event: 745.309 Thread 0x00000273c5fde530 DEOPT PACKING pc=0x00000273f1df2d10 sp=0x000000fade1feb10
Event: 745.309 Thread 0x00000273c5fde530 DEOPT UNPACKING pc=0x00000273f1506da2 sp=0x000000fade1feab8 mode 2
Event: 746.199 Thread 0x00000273c5fda390 DEOPT PACKING pc=0x00000273ebe2d6bb sp=0x000000fadc5fe3b0
Event: 746.199 Thread 0x00000273c5fda390 DEOPT UNPACKING pc=0x00000273f15078e2 sp=0x000000fadc5fd8e8 mode 0
Event: 746.201 Thread 0x00000273c5fda390 Uncommon trap: trap_request=0xffffff45 fr.pc=0x00000273f1e31b88 relative=0x00000000000000e8
Event: 746.201 Thread 0x00000273c5fda390 Uncommon trap: reason=unstable_if action=reinterpret pc=0x00000273f1e31b88 method=java.util.stream.SpinedBuffer.accept(Ljava/lang/Object;)V @ 9 c2
Event: 746.201 Thread 0x00000273c5fda390 DEOPT PACKING pc=0x00000273f1e31b88 sp=0x000000fadc5fe960
Event: 746.202 Thread 0x00000273c5fda390 DEOPT UNPACKING pc=0x00000273f1506da2 sp=0x000000fadc5fe908 mode 2
Event: 746.217 Thread 0x00000273c5fda390 DEOPT PACKING pc=0x00000273eb008324 sp=0x000000fadc5fdf30
Event: 746.217 Thread 0x00000273c5fda390 DEOPT UNPACKING pc=0x00000273f15078e2 sp=0x000000fadc5fd358 mode 0
Event: 746.222 Thread 0x00000273c5fda390 DEOPT PACKING pc=0x00000273ebe2d6bb sp=0x000000fadc5fdb60
Event: 746.222 Thread 0x00000273c5fda390 DEOPT UNPACKING pc=0x00000273f15078e2 sp=0x000000fadc5fd098 mode 0
Event: 746.231 Thread 0x00000273c5fda390 DEOPT PACKING pc=0x00000273ebe2d6bb sp=0x000000fadc5fddd0
Event: 746.231 Thread 0x00000273c5fda390 DEOPT UNPACKING pc=0x00000273f15078e2 sp=0x000000fadc5fd308 mode 0
Event: 746.267 Thread 0x00000273c5fda390 DEOPT PACKING pc=0x00000273ebe2d6bb sp=0x000000fadc5fdb60
Event: 746.267 Thread 0x00000273c5fda390 DEOPT UNPACKING pc=0x00000273f15078e2 sp=0x000000fadc5fd098 mode 0

Classes loaded (20 events):
Event: 541.919 Loading class com/sun/crypto/provider/AESConstants done
Event: 541.919 Loading class com/sun/crypto/provider/SymmetricCipher
Event: 541.919 Loading class com/sun/crypto/provider/SymmetricCipher done
Event: 541.919 Loading class com/sun/crypto/provider/AESCrypt done
Event: 541.920 Loading class com/sun/crypto/provider/ElectronicCodeBook
Event: 541.920 Loading class com/sun/crypto/provider/FeedbackCipher
Event: 541.921 Loading class com/sun/crypto/provider/FeedbackCipher done
Event: 541.921 Loading class com/sun/crypto/provider/ElectronicCodeBook done
Event: 541.922 Loading class com/sun/crypto/provider/PKCS5Padding
Event: 541.923 Loading class com/sun/crypto/provider/Padding
Event: 541.923 Loading class com/sun/crypto/provider/Padding done
Event: 541.923 Loading class com/sun/crypto/provider/PKCS5Padding done
Event: 541.924 Loading class com/sun/crypto/provider/CipherBlockChaining
Event: 541.924 Loading class com/sun/crypto/provider/CipherBlockChaining done
Event: 541.935 Loading class javax/crypto/NullCipher
Event: 541.935 Loading class javax/crypto/NullCipher done
Event: 541.936 Loading class sun/security/util/ArrayUtil
Event: 541.937 Loading class sun/security/util/ArrayUtil done
Event: 542.155 Loading class java/util/zip/GZIPInputStream$1
Event: 542.157 Loading class java/util/zip/GZIPInputStream$1 done

Classes unloaded (7 events):
Event: 52.657 Thread 0x00000273e6e1f920 Unloading class 0x00000273811a9400 'java/lang/invoke/LambdaForm$MH+0x00000273811a9400'
Event: 52.657 Thread 0x00000273e6e1f920 Unloading class 0x00000273811a9000 'java/lang/invoke/LambdaForm$MH+0x00000273811a9000'
Event: 52.657 Thread 0x00000273e6e1f920 Unloading class 0x00000273811a8c00 'java/lang/invoke/LambdaForm$MH+0x00000273811a8c00'
Event: 52.657 Thread 0x00000273e6e1f920 Unloading class 0x00000273811a8800 'java/lang/invoke/LambdaForm$MH+0x00000273811a8800'
Event: 52.657 Thread 0x00000273e6e1f920 Unloading class 0x00000273811a8400 'java/lang/invoke/LambdaForm$BMH+0x00000273811a8400'
Event: 52.657 Thread 0x00000273e6e1f920 Unloading class 0x00000273811a8000 'java/lang/invoke/LambdaForm$DMH+0x00000273811a8000'
Event: 52.657 Thread 0x00000273e6e1f920 Unloading class 0x00000273811a6c00 'java/lang/invoke/LambdaForm$DMH+0x00000273811a6c00'

Classes redefined (0 events):
No events

Internal exceptions (20 events):
Event: 232.510 Thread 0x00000273feecad60 Implicit null exception at 0x00000273f223bc44 to 0x00000273f223ccd4
Event: 232.595 Thread 0x00000273feecad60 Exception <a 'java/lang/NoSuchMethodError'{0x00000000d58dc4a0}: 'java.lang.Object java.lang.invoke.DirectMethodHandle$Holder.invokeStatic(java.lang.Object, java.lang.Object, int, java.lang.Object)'> (0x00000000d58dc4a0) 
thrown [s\src\hotspot\share\interpreter\linkResolver.cpp, line 773]
Event: 232.596 Thread 0x00000273feecad60 Exception <a 'java/lang/NoSuchMethodError'{0x00000000d58e2bb0}: 'java.lang.Object java.lang.invoke.DirectMethodHandle$Holder.newInvokeSpecial(java.lang.Object, java.lang.Object, int)'> (0x00000000d58e2bb0) 
thrown [s\src\hotspot\share\interpreter\linkResolver.cpp, line 773]
Event: 232.610 Thread 0x00000273feecad60 Implicit null exception at 0x00000273f20aef8d to 0x00000273f20af2d8
Event: 493.602 Thread 0x00000273feecad60 Exception <a 'sun/nio/fs/WindowsException'{0x00000000d5b15e10}> (0x00000000d5b15e10) 
thrown [s\src\hotspot\share\prims\jni.cpp, line 520]
Event: 493.608 Thread 0x00000273feecad60 Exception <a 'sun/nio/fs/WindowsException'{0x00000000d5b166f0}> (0x00000000d5b166f0) 
thrown [s\src\hotspot\share\prims\jni.cpp, line 520]
Event: 493.704 Thread 0x00000273feecad60 Implicit null exception at 0x00000273f1eeaa86 to 0x00000273f1eeae24
Event: 495.204 Thread 0x00000273feecad60 Exception <a 'java/lang/NoSuchMethodError'{0x00000000d5b85250}: 'java.lang.Object java.lang.invoke.DirectMethodHandle$Holder.newInvokeSpecial(java.lang.Object, java.lang.Object, java.lang.Object, java.lang.Object, java.lang.Object, java.lang.Object, java.lang.Object, java.lang.Object)'> (0x00000000d5b85250) 
thrown [s\src\hotspot\share\interpreter\linkResolver.cpp, line 773]
Event: 495.375 Thread 0x00000273feecad60 Implicit null exception at 0x00000273f23a0a82 to 0x00000273f23a119c
Event: 518.922 Thread 0x00000273c5fdcaf0 Implicit null exception at 0x00000273f238867a to 0x00000273f23887ea
Event: 521.189 Thread 0x00000273c5fdcaf0 Exception <a 'java/io/FileNotFoundException'{0x00000000d5e4b858}> (0x00000000d5e4b858) 
thrown [s\src\hotspot\share\prims\jni.cpp, line 520]
Event: 521.191 Thread 0x00000273c5fdcaf0 Exception <a 'java/io/FileNotFoundException'{0x00000000d5e4cd50}> (0x00000000d5e4cd50) 
thrown [s\src\hotspot\share\prims\jni.cpp, line 520]
Event: 522.883 Thread 0x00000273feecad60 Exception <a 'java/lang/NoSuchMethodError'{0x00000000d55f6818}: 'java.lang.Object java.lang.invoke.DirectMethodHandle$Holder.invokeSpecial(java.lang.Object, java.lang.Object, int, long)'> (0x00000000d55f6818) 
thrown [s\src\hotspot\share\interpreter\linkResolver.cpp, line 773]
Event: 526.874 Thread 0x00000273feecad60 Implicit null exception at 0x00000273f233953e to 0x00000273f233c720
Event: 541.769 Thread 0x00000273feec9320 Exception <a 'sun/nio/fs/WindowsException'{0x00000000d57dad90}> (0x00000000d57dad90) 
thrown [s\src\hotspot\share\prims\jni.cpp, line 520]
Event: 569.447 Thread 0x00000273c5fdcaf0 Exception <a 'java/lang/IncompatibleClassChangeError'{0x00000000d583ad78}: Found class java.lang.Object, but interface was expected> (0x00000000d583ad78) 
thrown [s\src\hotspot\share\interpreter\linkResolver.cpp, line 840]
Event: 569.916 Thread 0x00000273feec8c90 Implicit null exception at 0x00000273f256fae2 to 0x00000273f2571ca4
Event: 570.120 Thread 0x00000273c5fda390 Implicit null exception at 0x00000273f1fa58da to 0x00000273f1fa5933
Event: 744.885 Thread 0x00000273c5fdcaf0 Exception <a 'java/lang/IncompatibleClassChangeError'{0x00000000d57070f8}: Found class java.lang.Object, but interface was expected> (0x00000000d57070f8) 
thrown [s\src\hotspot\share\interpreter\linkResolver.cpp, line 840]
Event: 745.457 Thread 0x00000273c5fde530 Exception <a 'java/lang/NoSuchMethodError'{0x00000000d55bf830}: 'java.lang.Object java.lang.invoke.DirectMethodHandle$Holder.invokeSpecial(java.lang.Object, java.lang.Object, java.lang.Object, java.lang.Object, int, java.lang.Object, java.lang.Object)'> (0x00000000d55bf830) 
thrown [s\src\hotspot\share\interpreter\linkResolver.cpp, line 773]

ZGC Phase Switch (0 events):
No events

VM Operations (20 events):
Event: 4204.248 Executing non-safepoint VM operation: HandshakeAllThreads (HandshakeForDeflation)
Event: 4204.249 Executing non-safepoint VM operation: HandshakeAllThreads (HandshakeForDeflation) done
Event: 4204.249 Executing non-safepoint VM operation: RendezvousGCThreads
Event: 4204.249 Executing non-safepoint VM operation: RendezvousGCThreads done
Event: 4264.298 Executing non-safepoint VM operation: HandshakeAllThreads (HandshakeForDeflation)
Event: 4264.305 Executing non-safepoint VM operation: HandshakeAllThreads (HandshakeForDeflation) done
Event: 4264.307 Executing non-safepoint VM operation: RendezvousGCThreads
Event: 4264.307 Executing non-safepoint VM operation: RendezvousGCThreads done
Event: 4324.311 Executing non-safepoint VM operation: HandshakeAllThreads (HandshakeForDeflation)
Event: 4324.317 Executing non-safepoint VM operation: HandshakeAllThreads (HandshakeForDeflation) done
Event: 4324.319 Executing non-safepoint VM operation: RendezvousGCThreads
Event: 4324.319 Executing non-safepoint VM operation: RendezvousGCThreads done
Event: 4384.496 Executing non-safepoint VM operation: HandshakeAllThreads (HandshakeForDeflation)
Event: 4384.508 Executing non-safepoint VM operation: HandshakeAllThreads (HandshakeForDeflation) done
Event: 4384.509 Executing non-safepoint VM operation: RendezvousGCThreads
Event: 4384.509 Executing non-safepoint VM operation: RendezvousGCThreads done
Event: 4444.539 Executing non-safepoint VM operation: HandshakeAllThreads (HandshakeForDeflation)
Event: 4444.539 Executing non-safepoint VM operation: HandshakeAllThreads (HandshakeForDeflation) done
Event: 4444.539 Executing non-safepoint VM operation: RendezvousGCThreads
Event: 4444.539 Executing non-safepoint VM operation: RendezvousGCThreads done

Memory protections (0 events):
No events

Nmethod flushes (20 events):
Event: 214.856 Thread 0x00000273e6e1f920 flushing  nmethod 0x00000273ea953090
Event: 214.857 Thread 0x00000273e6e1f920 flushing  nmethod 0x00000273ea95bf90
Event: 214.857 Thread 0x00000273e6e1f920 flushing  nmethod 0x00000273ea95ff10
Event: 214.857 Thread 0x00000273e6e1f920 flushing  nmethod 0x00000273ea960690
Event: 214.857 Thread 0x00000273e6e1f920 flushing  nmethod 0x00000273ea96b410
Event: 214.857 Thread 0x00000273e6e1f920 flushing  nmethod 0x00000273ea96b790
Event: 214.857 Thread 0x00000273e6e1f920 flushing  nmethod 0x00000273ea96bb10
Event: 214.857 Thread 0x00000273e6e1f920 flushing  nmethod 0x00000273ea96cb90
Event: 214.857 Thread 0x00000273e6e1f920 flushing  nmethod 0x00000273ea96cf10
Event: 214.857 Thread 0x00000273e6e1f920 flushing  nmethod 0x00000273ea96d610
Event: 214.857 Thread 0x00000273e6e1f920 flushing  nmethod 0x00000273ea96f790
Event: 214.857 Thread 0x00000273e6e1f920 flushing  nmethod 0x00000273ea96fe10
Event: 214.857 Thread 0x00000273e6e1f920 flushing  nmethod 0x00000273ea970190
Event: 214.857 Thread 0x00000273e6e1f920 flushing  nmethod 0x00000273ea985c90
Event: 214.857 Thread 0x00000273e6e1f920 flushing  nmethod 0x00000273ea9b0210
Event: 214.857 Thread 0x00000273e6e1f920 flushing  nmethod 0x00000273ea9b4e90
Event: 214.857 Thread 0x00000273e6e1f920 flushing  nmethod 0x00000273ea9da390
Event: 214.857 Thread 0x00000273e6e1f920 flushing  nmethod 0x00000273ea9f1c10
Event: 214.857 Thread 0x00000273e6e1f920 flushing  nmethod 0x00000273eaa24010
Event: 214.857 Thread 0x00000273e6e1f920 flushing  nmethod 0x00000273eaa24610

Events (20 events):
Event: 566.072 Thread 0x00000273e6cf3700 Thread added: 0x00000273c7e4faa0
Event: 566.475 Thread 0x00000273c7e4faa0 Thread exited: 0x00000273c7e4faa0
Event: 569.747 Thread 0x00000273feec8c90 Thread added: 0x00000273c5fd9670
Event: 569.747 Thread 0x00000273feec8c90 Thread added: 0x00000273c5fda390
Event: 569.748 Thread 0x00000273e6cf3700 Thread added: 0x00000273c65993c0
Event: 571.580 Thread 0x00000273c65993c0 Thread exited: 0x00000273c65993c0
Event: 573.870 Thread 0x00000273e6cf3700 Thread added: 0x00000273d16c97d0
Event: 574.824 Thread 0x00000273d16c97d0 Thread exited: 0x00000273d16c97d0
Event: 575.260 Thread 0x00000273e6cf3700 Thread added: 0x00000273d16d97b0
Event: 580.508 Thread 0x00000273d16d97b0 Thread exited: 0x00000273d16d97b0
Event: 630.291 Thread 0x00000273c5fda390 Thread exited: 0x00000273c5fda390
Event: 635.589 Thread 0x00000273feecad60 Thread exited: 0x00000273feecad60
Event: 690.315 Thread 0x00000273feec8c90 Thread exited: 0x00000273feec8c90
Event: 743.196 Thread 0x00000273c5fd9670 Thread added: 0x00000273c5fda390
Event: 743.203 Thread 0x00000273c5fda390 Thread added: 0x00000273c5fde530
Event: 743.881 Thread 0x00000273e6cf3700 Thread added: 0x00000273c5b2e490
Event: 744.052 Thread 0x00000273c5b2e490 Thread exited: 0x00000273c5b2e490
Event: 806.382 Thread 0x00000273c5fda390 Thread exited: 0x00000273c5fda390
Event: 866.510 Thread 0x00000273c5fde530 Thread exited: 0x00000273c5fde530
Event: 926.527 Thread 0x00000273c5fd9670 Thread exited: 0x00000273c5fd9670


Dynamic libraries:
0x00007ff6a7710000 - 0x00007ff6a771e000 	c:\Users\Jessica Tandra\.vscode\extensions\redhat.java-1.54.0-win32-x64\jre\21.0.10-win32-x86_64\bin\java.exe
0x00007ffe09ac0000 - 0x00007ffe09d27000 	C:\WINDOWS\SYSTEM32\ntdll.dll
0x00007ffe088b0000 - 0x00007ffe08979000 	C:\WINDOWS\System32\KERNEL32.DLL
0x00007ffe07440000 - 0x00007ffe07837000 	C:\WINDOWS\System32\KERNELBASE.dll
0x00007ffe072f0000 - 0x00007ffe0743b000 	C:\WINDOWS\System32\ucrtbase.dll
0x00007ffd51140000 - 0x00007ffd51158000 	c:\Users\Jessica Tandra\.vscode\extensions\redhat.java-1.54.0-win32-x64\jre\21.0.10-win32-x86_64\bin\jli.dll
0x00007ffe098b0000 - 0x00007ffe09a76000 	C:\WINDOWS\System32\USER32.dll
0x00007ffe07000000 - 0x00007ffe07027000 	C:\WINDOWS\System32\win32u.dll
0x00007ffe08980000 - 0x00007ffe089ab000 	C:\WINDOWS\System32\GDI32.dll
0x00007ffe064f0000 - 0x00007ffe0661c000 	C:\WINDOWS\System32\gdi32full.dll
0x00007ffe06f50000 - 0x00007ffe06ff3000 	C:\WINDOWS\System32\msvcp_win.dll
0x00007ffd51120000 - 0x00007ffd5113e000 	c:\Users\Jessica Tandra\.vscode\extensions\redhat.java-1.54.0-win32-x64\jre\21.0.10-win32-x86_64\bin\VCRUNTIME140.dll
0x00007ffdeeb50000 - 0x00007ffdeede2000 	C:\WINDOWS\WinSxS\amd64_microsoft.windows.common-controls_6595b64144ccf1df_6.0.26100.8457_none_3e0b2faee331e92d\COMCTL32.dll
0x00007ffe07840000 - 0x00007ffe078e9000 	C:\WINDOWS\System32\msvcrt.dll
0x00007ffe09160000 - 0x00007ffe09192000 	C:\WINDOWS\System32\IMM32.DLL
0x00007ffdd8db0000 - 0x00007ffdd8dbc000 	c:\Users\Jessica Tandra\.vscode\extensions\redhat.java-1.54.0-win32-x64\jre\21.0.10-win32-x86_64\bin\vcruntime140_1.dll
0x00007ffd51090000 - 0x00007ffd5111d000 	c:\Users\Jessica Tandra\.vscode\extensions\redhat.java-1.54.0-win32-x64\jre\21.0.10-win32-x86_64\bin\msvcp140.dll
0x00007ffd4f9f0000 - 0x00007ffd50791000 	c:\Users\Jessica Tandra\.vscode\extensions\redhat.java-1.54.0-win32-x64\jre\21.0.10-win32-x86_64\bin\server\jvm.dll
0x00007ffe078f0000 - 0x00007ffe079a6000 	C:\WINDOWS\System32\ADVAPI32.dll
0x00007ffe089b0000 - 0x00007ffe08a57000 	C:\WINDOWS\System32\sechost.dll
0x00007ffe091a0000 - 0x00007ffe092b8000 	C:\WINDOWS\System32\RPCRT4.dll
0x00007ffe09470000 - 0x00007ffe094f0000 	C:\WINDOWS\System32\WS2_32.dll
0x00007ffe06350000 - 0x00007ffe063ae000 	C:\WINDOWS\SYSTEM32\POWRPROF.dll
0x00007ffdfea30000 - 0x00007ffdfea66000 	C:\WINDOWS\SYSTEM32\WINMM.dll
0x00007ffdf5c70000 - 0x00007ffdf5c7b000 	C:\WINDOWS\SYSTEM32\VERSION.dll
0x00007ffe06330000 - 0x00007ffe06344000 	C:\WINDOWS\SYSTEM32\UMPDC.dll
0x00007ffe05280000 - 0x00007ffe0529b000 	C:\WINDOWS\SYSTEM32\kernel.appcore.dll
0x00007ffdd2ed0000 - 0x00007ffdd2eda000 	c:\Users\Jessica Tandra\.vscode\extensions\redhat.java-1.54.0-win32-x64\jre\21.0.10-win32-x86_64\bin\jimage.dll
0x00007ffe01970000 - 0x00007ffe01bb2000 	C:\WINDOWS\SYSTEM32\DBGHELP.DLL
0x00007ffe08280000 - 0x00007ffe08603000 	C:\WINDOWS\System32\combase.dll
0x00007ffe09580000 - 0x00007ffe09659000 	C:\WINDOWS\System32\OLEAUT32.dll
0x00007ffdf7000000 - 0x00007ffdf703b000 	C:\WINDOWS\SYSTEM32\dbgcore.DLL
0x00007ffe07030000 - 0x00007ffe070d8000 	C:\WINDOWS\System32\bcryptPrimitives.dll
0x00007ffded9f0000 - 0x00007ffded9ff000 	c:\Users\Jessica Tandra\.vscode\extensions\redhat.java-1.54.0-win32-x64\jre\21.0.10-win32-x86_64\bin\instrument.dll
0x00007ffd51070000 - 0x00007ffd51090000 	c:\Users\Jessica Tandra\.vscode\extensions\redhat.java-1.54.0-win32-x64\jre\21.0.10-win32-x86_64\bin\java.dll
0x00007ffe079c0000 - 0x00007ffe0812e000 	C:\WINDOWS\System32\SHELL32.dll
0x00007ffe06620000 - 0x00007ffe06e8c000 	C:\WINDOWS\System32\windows.storage.dll
0x00007ffe096b0000 - 0x00007ffe097a6000 	C:\WINDOWS\System32\SHCORE.dll
0x00007ffe08bd0000 - 0x00007ffe08c36000 	C:\WINDOWS\System32\shlwapi.dll
0x00007ffe06410000 - 0x00007ffe06439000 	C:\WINDOWS\SYSTEM32\profapi.dll
0x00007ffd51050000 - 0x00007ffd51068000 	c:\Users\Jessica Tandra\.vscode\extensions\redhat.java-1.54.0-win32-x64\jre\21.0.10-win32-x86_64\bin\zip.dll
0x00007ffdd05d0000 - 0x00007ffdd05e0000 	C:\Users\Jessica Tandra\.vscode\extensions\redhat.java-1.54.0-win32-x64\jre\21.0.10-win32-x86_64\bin\net.dll
0x00007ffdf8b90000 - 0x00007ffdf8cb9000 	C:\WINDOWS\SYSTEM32\WINHTTP.dll
0x00007ffe057f0000 - 0x00007ffe0585c000 	C:\WINDOWS\system32\mswsock.dll
0x00007ffd51030000 - 0x00007ffd51046000 	C:\Users\Jessica Tandra\.vscode\extensions\redhat.java-1.54.0-win32-x64\jre\21.0.10-win32-x86_64\bin\nio.dll
0x00007ffdc3670000 - 0x00007ffdc3680000 	c:\Users\Jessica Tandra\.vscode\extensions\redhat.java-1.54.0-win32-x64\jre\21.0.10-win32-x86_64\bin\verify.dll
0x00007ffd4e9f0000 - 0x00007ffd4ea35000 	C:\Users\Jessica Tandra\AppData\Roaming\Code\User\globalStorage\redhat.java\1.54.0\config_win\org.eclipse.equinox.launcher\org.eclipse.equinox.launcher.win32.win32.x86_64_1.3.0.v20260203-2149\eclipse_11919.dll
0x00007ffe092c0000 - 0x00007ffe09457000 	C:\WINDOWS\System32\ole32.dll
0x00007ffe05ae0000 - 0x00007ffe05afb000 	C:\WINDOWS\SYSTEM32\CRYPTSP.dll
0x00007ffe051e0000 - 0x00007ffe05219000 	C:\WINDOWS\system32\rsaenh.dll
0x00007ffe058a0000 - 0x00007ffe058d3000 	C:\WINDOWS\SYSTEM32\USERENV.dll
0x00007ffe063e0000 - 0x00007ffe0640a000 	C:\WINDOWS\SYSTEM32\bcrypt.dll
0x00007ffe05ad0000 - 0x00007ffe05adc000 	C:\WINDOWS\SYSTEM32\CRYPTBASE.dll
0x00007ffe04d20000 - 0x00007ffe04d52000 	C:\WINDOWS\SYSTEM32\IPHLPAPI.DLL
0x00007ffe08a60000 - 0x00007ffe08a6a000 	C:\WINDOWS\System32\NSI.dll
0x00007ffdc9a10000 - 0x00007ffdc9a59000 	C:\Users\Jessica Tandra\AppData\Local\Temp\jna--773280410\jna4860776427157879373.dll
0x00007ffe079b0000 - 0x00007ffe079b8000 	C:\WINDOWS\System32\PSAPI.DLL
0x00007ffdf8cf0000 - 0x00007ffdf8d0d000 	C:\WINDOWS\SYSTEM32\dhcpcsvc6.DLL
0x00007ffdf8cc0000 - 0x00007ffdf8ce5000 	C:\WINDOWS\SYSTEM32\dhcpcsvc.DLL

JVMTI agents:
c:\Users\Jessica Tandra\.vscode\extensions\redhat.java-1.54.0-win32-x64\lombok\lombok-1.18.39-4050.jar path:c:\Users\Jessica Tandra\.vscode\extensions\redhat.java-1.54.0-win32-x64\jre\21.0.10-win32-x86_64\bin\instrument.dll, loaded, initialized, instrumentlib options:none

dbghelp: loaded successfully - version: 4.0.5 - missing functions: none
symbol engine: initialized successfully - sym options: 0x614 - pdb path: .;c:\Users\Jessica Tandra\.vscode\extensions\redhat.java-1.54.0-win32-x64\jre\21.0.10-win32-x86_64\bin;C:\WINDOWS\SYSTEM32;C:\WINDOWS\WinSxS\amd64_microsoft.windows.common-controls_6595b64144ccf1df_6.0.26100.8457_none_3e0b2faee331e92d;c:\Users\Jessica Tandra\.vscode\extensions\redhat.java-1.54.0-win32-x64\jre\21.0.10-win32-x86_64\bin\server;C:\Users\Jessica Tandra\AppData\Roaming\Code\User\globalStorage\redhat.java\1.54.0\config_win\org.eclipse.equinox.launcher\org.eclipse.equinox.launcher.win32.win32.x86_64_1.3.0.v20260203-2149;C:\Users\Jessica Tandra\AppData\Local\Temp\jna--773280410

VM Arguments:
jvm_args: --add-modules=ALL-SYSTEM --add-opens=java.base/java.util=ALL-UNNAMED --add-opens=java.base/java.lang=ALL-UNNAMED --add-opens=java.base/sun.nio.fs=ALL-UNNAMED -Declipse.application=org.eclipse.jdt.ls.core.id1 -Dosgi.bundles.defaultStartLevel=4 -Declipse.product=org.eclipse.jdt.ls.core.product -Djava.import.generatesMetadataFilesAtProjectRoot=false -DDetectVMInstallationsJob.disabled=true -Dfile.encoding=utf8 -XX:+UseParallelGC -XX:GCTimeRatio=4 -XX:AdaptiveSizePolicyWeight=90 -Dsun.zip.disableMemoryMapping=true -Xmx2G -Xms100m -Xlog:disable -javaagent:c:\Users\Jessica Tandra\.vscode\extensions\redhat.java-1.54.0-win32-x64\lombok\lombok-1.18.39-4050.jar -XX:+HeapDumpOnOutOfMemoryError -XX:HeapDumpPath=c:\Users\Jessica Tandra\AppData\Roaming\Code\User\workspaceStorage\82c3c2c9240eacd5d363d8fb5af03c55\redhat.java -Daether.dependencyCollector.impl=bf 
java_command: c:\Users\Jessica Tandra\.vscode\extensions\redhat.java-1.54.0-win32-x64\server\plugins\org.eclipse.equinox.launcher_1.7.100.v20251111-0406.jar -configuration c:\Users\Jessica Tandra\AppData\Roaming\Code\User\globalStorage\redhat.java\1.54.0\config_win -data c:\Users\Jessica Tandra\AppData\Roaming\Code\User\workspaceStorage\82c3c2c9240eacd5d363d8fb5af03c55\redhat.java\jdt_ws --pipe=\\.\pipe\lsp-5f9371b0441f2e5c3d1360b81a7b5848-sock
java_class_path (initial): c:\Users\Jessica Tandra\.vscode\extensions\redhat.java-1.54.0-win32-x64\server\plugins\org.eclipse.equinox.launcher_1.7.100.v20251111-0406.jar
Launcher Type: SUN_STANDARD

[Global flags]
    uintx AdaptiveSizePolicyWeight                 = 90                                        {product} {command line}
     intx CICompilerCount                          = 3                                         {product} {ergonomic}
    uintx GCTimeRatio                              = 4                                         {product} {command line}
     bool HeapDumpOnOutOfMemoryError               = true                                   {manageable} {command line}
    ccstr HeapDumpPath                             = c:\Users\Jessica Tandra\AppData\Roaming\Code\User\workspaceStorage\82c3c2c9240eacd5d363d8fb5af03c55\redhat.java         {manageable} {command line}
   size_t InitialHeapSize                          = 104857600                                 {product} {command line}
   size_t MaxHeapSize                              = 2147483648                                {product} {command line}
   size_t MaxNewSize                               = 715653120                                 {product} {ergonomic}
   size_t MinHeapDeltaBytes                        = 524288                                    {product} {ergonomic}
   size_t MinHeapSize                              = 104857600                                 {product} {command line}
   size_t NewSize                                  = 34603008                                  {product} {ergonomic}
    uintx NonNMethodCodeHeapSize                   = 5832780                                {pd product} {ergonomic}
    uintx NonProfiledCodeHeapSize                  = 122912730                              {pd product} {ergonomic}
   size_t OldSize                                  = 70254592                                  {product} {ergonomic}
    uintx ProfiledCodeHeapSize                     = 122912730                              {pd product} {ergonomic}
    uintx ReservedCodeCacheSize                    = 251658240                              {pd product} {ergonomic}
     bool SegmentedCodeCache                       = true                                      {product} {ergonomic}
   size_t SoftMaxHeapSize                          = 2147483648                             {manageable} {ergonomic}
     bool UseCompressedOops                        = true                           {product lp64_product} {ergonomic}
     bool UseLargePagesIndividualAllocation        = false                                  {pd product} {ergonomic}
     bool UseParallelGC                            = true                                      {product} {command line}

Logging:
Log output configuration:
 #0: stdout all=off uptime,level,tags foldmultilines=false
 #1: stderr all=off uptime,level,tags foldmultilines=false

Release file:
JAVA_VERSION="21.0.10" 
MODULES="java.base java.compiler java.datatransfer java.xml java.prefs java.desktop java.instrument java.logging java.management java.security.sasl java.naming java.rmi java.management.rmi java.net.http java.scripting java.security.jgss java.transaction.xa java.sql java.sql.rowset java.xml.crypto java.se java.smartcardio jdk.accessibility jdk.internal.jvmstat jdk.attach jdk.charsets jdk.internal.opt jdk.zipfs jdk.compiler jdk.crypto.ec jdk.crypto.cryptoki jdk.crypto.mscapi jdk.dynalink jdk.internal.ed jdk.editpad jdk.hotspot.agent jdk.httpserver jdk.internal.le jdk.internal.vm.ci jdk.internal.vm.compiler jdk.internal.vm.compiler.management jdk.jartool jdk.javadoc jdk.jcmd jdk.management jdk.management.agent jdk.jconsole jdk.jdeps jdk.jdwp.agent jdk.jdi jdk.jfr jdk.jshell jdk.jsobject jdk.jstatd jdk.localedata jdk.management.jfr jdk.naming.dns jdk.naming.rmi jdk.net jdk.nio.mapmode jdk.random jdk.sctp jdk.security.auth jdk.security.jgss jdk.unsupported jdk.unsupported.desktop jdk.xml.dom" 

Environment Variables:
PATH=C:\Program Files\Common Files\Oracle\Java\javapath;C:\Python312\Scripts\;C:\Python312\;C:\WINDOWS\system32;C:\WINDOWS;C:\WINDOWS\System32\Wbem;C:\WINDOWS\System32\WindowsPowerShell\v1.0\;C:\WINDOWS\System32\OpenSSH\;C:\Program Files\Git\cmd;C:\Program Files\nodejs\;C:\Program Files\Docker\Docker\resources\bin;C:\Program Files\CMake\bin;D:\Rust\.cargo\bin;C:\Users\Jessica Tandra\AppData\Local\Microsoft\WindowsApps;C:\Users\Jessica Tandra\AppData\Local\Programs\Microsoft VS Code\bin;C:\Users\Jessica Tandra\AppData\Roaming\npm;C:\dev\flutter\bin;
USERNAME=Jessica Tandra
OS=Windows_NT
PROCESSOR_IDENTIFIER=Intel64 Family 6 Model 140 Stepping 2, GenuineIntel
TMP=C:\Users\JESSIC~1\AppData\Local\Temp
TEMP=C:\Users\JESSIC~1\AppData\Local\Temp




Periodic native trim disabled

---------------  S Y S T E M  ---------------

OS:
 Windows 11 , 64 bit Build 26100 (10.0.26100.8328)
OS uptime: 0 days 6:19 hours
Hyper-V role detected

CPU: total 4 (initial active 4) (2 cores per cpu, 2 threads per core) family 6 model 140 stepping 2 microcode 0x26, cx8, cmov, fxsr, ht, mmx, 3dnowpref, sse, sse2, sse3, ssse3, sse4.1, sse4.2, popcnt, lzcnt, tsc, tscinvbit, avx, avx2, aes, erms, clmul, bmi1, bmi2, adx, avx512f, avx512dq, avx512cd, avx512bw, avx512vl, sha, fma, vzeroupper, avx512_vpopcntdq, avx512_vpclmulqdq, avx512_vaes, avx512_vnni, clflush, clflushopt, clwb, avx512_vbmi2, avx512_vbmi, hv, rdtscp, rdpid, fsrm, gfni, avx512_bitalg, f16c, cet_ibt, cet_ss, avx512_ifma
Processor Information for the first 4 processors :
  Max Mhz: 2995, Current Mhz: 2995, Mhz Limit: 2995

Memory: 4k page, system-wide physical 7975M (607M free)
TotalPageFile size 32551M (AvailPageFile size 158M)
current process WorkingSet (physical memory assigned to process): 7M, peak: 299M
current process commit charge ("private bytes"): 510M, peak: 512M

vm_info: OpenJDK 64-Bit Server VM (21.0.10+7-LTS) for windows-amd64 JRE (21.0.10+7-LTS), built on 2026-01-20T00:00:00Z by "admin" with MS VC++ 17.12 (VS2022)

END.
